LEVEL=9
Mon Aug 17 18:35:00 UTC 2026
               total        used        free      shared  buff/cache   available
Mem:           3.8Gi       870Mi       2.3Gi        11Mi       1.1Gi       3.0Gi
Swap:          2.0Gi          0B       2.0Gi
============================= test session starts ==============================
platform linux -- Python 3.12.3, pytest-8.4.2, pluggy-1.6.0
rootdir: /home/ubuntu/backend_Ai_review/hajeen_platform
configfile: pyproject.toml
plugins: anyio-4.14.2, asyncio-0.26.0
asyncio: mode=Mode.AUTO, asyncio_default_fixture_loop_scope=function, asyncio_default_test_loop_scope=function
collected 165 items

backend_Ai_review/hajeen_platform/tests/integration/test_api_workflow.py . [  0%]
................                                                         [ 10%]
backend_Ai_review/hajeen_platform/tests/integration/test_brain_v3_cognitive.py . [ 10%]
.....                                                                    [ 13%]
backend_Ai_review/hajeen_platform/tests/integration/test_full_pipeline.py . [ 14%]
.........                                                                [ 20%]
backend_Ai_review/hajeen_platform/tests/integration/test_full_processing_pipeline.py . [ 20%]
...............                                                          [ 29%]
backend_Ai_review/hajeen_platform/tests/integration/test_learning_pipeline_integration.py . [ 30%]
.......                                                                  [ 34%]
backend_Ai_review/hajeen_platform/tests/integration/test_monitoring.py . [ 35%]
......................                                                   [ 48%]
backend_Ai_review/hajeen_platform/tests/integration/test_pipeline.py ... [ 50%]
..........                                                               [ 56%]
backend_Ai_review/hajeen_platform/tests/integration/test_rag_pipeline.py s [ 56%]
.......s                                                                 [ 61%]
backend_Ai_review/hajeen_platform/tests/integration/test_security.py ... [ 63%]
.......................................                                  [ 87%]
backend_Ai_review/hajeen_platform/tests/integration/test_storage_persistence.py . [ 87%]
...............                                                          [ 96%]
backend_Ai_review/hajeen_platform/tests/ai/test_production.py .....      [100%]

================== 163 passed, 2 skipped, 7 warnings in 6.85s ==================
Mon Aug 17 18:35:09 UTC 2026
               total        used        free      shared  buff/cache   available
Mem:           3.8Gi       880Mi       2.3Gi        11Mi       1.1Gi       3.0Gi
Swap:          2.0Gi          0B       2.0Gi
DURATION_SECONDS=9
RESULT=PASS exit=0
