Mon Aug 17 18:23:50 UTC 2026
               total        used        free      shared  buff/cache   available
Mem:           3.8Gi       887Mi       2.3Gi        11Mi       1.1Gi       3.0Gi
Swap:          2.0Gi          0B       2.0Gi
============================= test session starts ==============================
platform linux -- Python 3.12.3, pytest-8.4.2, pluggy-1.6.0
rootdir: /home/ubuntu/backend_Ai_review/hajeen_platform
configfile: pyproject.toml
plugins: anyio-4.14.2, asyncio-0.26.0
asyncio: mode=Mode.AUTO, asyncio_default_fixture_loop_scope=function, asyncio_default_test_loop_scope=function
collected 1003 items / 13 errors

==================================== ERRORS ====================================
______________ ERROR collecting tests/unit/test_base_connector.py ______________
ImportError while importing test module '/home/ubuntu/backend_Ai_review/hajeen_platform/tests/unit/test_base_connector.py'.
Hint: make sure your test modules/packages have valid Python names.
Traceback:
/usr/lib/python3.12/importlib/__init__.py:90: in import_module
    return _bootstrap._gcd_import(name[level:], package, level)
           ^^^^^^^^^^^^^^^^^^^^^^^^^^^^^^^^^^^^^^^^^^^^^^^^^^^^
backend_Ai_review/hajeen_platform/tests/unit/test_base_connector.py:12: in <module>
    import respx
E   ModuleNotFoundError: No module named 'respx'
___________________ ERROR collecting tests/unit/test_cli.py ____________________
ImportError while importing test module '/home/ubuntu/backend_Ai_review/hajeen_platform/tests/unit/test_cli.py'.
Hint: make sure your test modules/packages have valid Python names.
Traceback:
/usr/lib/python3.12/importlib/__init__.py:90: in import_module
    return _bootstrap._gcd_import(name[level:], package, level)
           ^^^^^^^^^^^^^^^^^^^^^^^^^^^^^^^^^^^^^^^^^^^^^^^^^^^^
backend_Ai_review/hajeen_platform/tests/unit/test_cli.py:2: in <module>
    from typer.testing import CliRunner
E   ModuleNotFoundError: No module named 'typer'
_____________ ERROR collecting tests/unit/test_custom_connector.py _____________
ImportError while importing test module '/home/ubuntu/backend_Ai_review/hajeen_platform/tests/unit/test_custom_connector.py'.
Hint: make sure your test modules/packages have valid Python names.
Traceback:
/usr/lib/python3.12/importlib/__init__.py:90: in import_module
    return _bootstrap._gcd_import(name[level:], package, level)
           ^^^^^^^^^^^^^^^^^^^^^^^^^^^^^^^^^^^^^^^^^^^^^^^^^^^^
backend_Ai_review/hajeen_platform/tests/unit/test_custom_connector.py:10: in <module>
    import respx
E   ModuleNotFoundError: No module named 'respx'
_____________ ERROR collecting tests/unit/test_github_connector.py _____________
ImportError while importing test module '/home/ubuntu/backend_Ai_review/hajeen_platform/tests/unit/test_github_connector.py'.
Hint: make sure your test modules/packages have valid Python names.
Traceback:
/usr/lib/python3.12/importlib/__init__.py:90: in import_module
    return _bootstrap._gcd_import(name[level:], package, level)
           ^^^^^^^^^^^^^^^^^^^^^^^^^^^^^^^^^^^^^^^^^^^^^^^^^^^^
backend_Ai_review/hajeen_platform/tests/unit/test_github_connector.py:10: in <module>
    import respx
E   ModuleNotFoundError: No module named 'respx'
______________ ERROR collecting tests/unit/test_ingestion_http.py ______________
ImportError while importing test module '/home/ubuntu/backend_Ai_review/hajeen_platform/tests/unit/test_ingestion_http.py'.
Hint: make sure your test modules/packages have valid Python names.
Traceback:
/usr/lib/python3.12/importlib/__init__.py:90: in import_module
    return _bootstrap._gcd_import(name[level:], package, level)
           ^^^^^^^^^^^^^^^^^^^^^^^^^^^^^^^^^^^^^^^^^^^^^^^^^^^^
backend_Ai_review/hajeen_platform/tests/unit/test_ingestion_http.py:2: in <module>
    import respx
E   ModuleNotFoundError: No module named 'respx'
________ ERROR collecting tests/unit/test_memory_unification_runtime.py ________
ImportError while importing test module '/home/ubuntu/backend_Ai_review/hajeen_platform/tests/unit/test_memory_unification_runtime.py'.
Hint: make sure your test modules/packages have valid Python names.
Traceback:
/usr/lib/python3.12/importlib/__init__.py:90: in import_module
    return _bootstrap._gcd_import(name[level:], package, level)
           ^^^^^^^^^^^^^^^^^^^^^^^^^^^^^^^^^^^^^^^^^^^^^^^^^^^^
backend_Ai_review/hajeen_platform/tests/unit/test_memory_unification_runtime.py:11: in <module>
    from hajeen_platform.services.memory.session_manager import get_session_manager
backend_Ai_review/hajeen_platform/services/memory/__init__.py:2: in <module>
    from .conversation_memory import ConversationMemory, Message
E   ImportError: cannot import name 'Message' from 'hajeen_platform.services.memory.conversation_memory' (/home/ubuntu/backend_Ai_review/hajeen_platform/services/memory/conversation_memory.py)
____________ ERROR collecting tests/unit/test_newsapi_connector.py _____________
ImportError while importing test module '/home/ubuntu/backend_Ai_review/hajeen_platform/tests/unit/test_newsapi_connector.py'.
Hint: make sure your test modules/packages have valid Python names.
Traceback:
/usr/lib/python3.12/importlib/__init__.py:90: in import_module
    return _bootstrap._gcd_import(name[level:], package, level)
           ^^^^^^^^^^^^^^^^^^^^^^^^^^^^^^^^^^^^^^^^^^^^^^^^^^^^
backend_Ai_review/hajeen_platform/tests/unit/test_newsapi_connector.py:12: in <module>
    import respx
E   ModuleNotFoundError: No module named 'respx'
_____________ ERROR collecting tests/unit/test_reddit_connector.py _____________
ImportError while importing test module '/home/ubuntu/backend_Ai_review/hajeen_platform/tests/unit/test_reddit_connector.py'.
Hint: make sure your test modules/packages have valid Python names.
Traceback:
/usr/lib/python3.12/importlib/__init__.py:90: in import_module
    return _bootstrap._gcd_import(name[level:], package, level)
           ^^^^^^^^^^^^^^^^^^^^^^^^^^^^^^^^^^^^^^^^^^^^^^^^^^^^
backend_Ai_review/hajeen_platform/tests/unit/test_reddit_connector.py:10: in <module>
    import respx
E   ModuleNotFoundError: No module named 'respx'
_____________ ERROR collecting tests/unit/test_requests_fetcher.py _____________
ImportError while importing test module '/home/ubuntu/backend_Ai_review/hajeen_platform/tests/unit/test_requests_fetcher.py'.
Hint: make sure your test modules/packages have valid Python names.
Traceback:
/usr/lib/python3.12/importlib/__init__.py:90: in import_module
    return _bootstrap._gcd_import(name[level:], package, level)
           ^^^^^^^^^^^^^^^^^^^^^^^^^^^^^^^^^^^^^^^^^^^^^^^^^^^^
backend_Ai_review/hajeen_platform/tests/unit/test_requests_fetcher.py:6: in <module>
    import respx
E   ModuleNotFoundError: No module named 'respx'
________________ ERROR collecting tests/unit/test_rss_parser.py ________________
backend_Ai_review/hajeen_platform/tests/unit/test_rss_parser.py:24: in <module>
    SAMPLE_RSS = (FIXTURES_DIR / "sample_rss.xml").read_text(encoding="utf-8")
                 ^^^^^^^^^^^^^^^^^^^^^^^^^^^^^^^^^^^^^^^^^^^^^^^^^^^^^^^^^^^^^
/usr/lib/python3.12/pathlib.py:1029: in read_text
    with self.open(mode='r', encoding=encoding, errors=errors) as f:
         ^^^^^^^^^^^^^^^^^^^^^^^^^^^^^^^^^^^^^^^^^^^^^^^^^^^^^
/usr/lib/python3.12/pathlib.py:1015: in open
    return io.open(self, mode, buffering, encoding, errors, newline)
           ^^^^^^^^^^^^^^^^^^^^^^^^^^^^^^^^^^^^^^^^^^^^^^^^^^^^^^^^^
E   FileNotFoundError: [Errno 2] No such file or directory: '/home/ubuntu/backend_Ai_review/hajeen_platform/tests/fixtures/sample_rss.xml'
______________ ERROR collecting tests/unit/test_sitemap_parser.py ______________
backend_Ai_review/hajeen_platform/tests/unit/test_sitemap_parser.py:21: in <module>
    SITEMAP_XML = (FIXTURES_DIR / "sample_sitemap.xml").read_text(encoding="utf-8")
                  ^^^^^^^^^^^^^^^^^^^^^^^^^^^^^^^^^^^^^^^^^^^^^^^^^^^^^^^^^^^^^^^^^
/usr/lib/python3.12/pathlib.py:1029: in read_text
    with self.open(mode='r', encoding=encoding, errors=errors) as f:
         ^^^^^^^^^^^^^^^^^^^^^^^^^^^^^^^^^^^^^^^^^^^^^^^^^^^^^
/usr/lib/python3.12/pathlib.py:1015: in open
    return io.open(self, mode, buffering, encoding, errors, newline)
           ^^^^^^^^^^^^^^^^^^^^^^^^^^^^^^^^^^^^^^^^^^^^^^^^^^^^^^^^^
E   FileNotFoundError: [Errno 2] No such file or directory: '/home/ubuntu/backend_Ai_review/hajeen_platform/tests/fixtures/sample_sitemap.xml'
______________ ERROR collecting tests/unit/test_storage_phase3.py ______________
ImportError while importing test module '/home/ubuntu/backend_Ai_review/hajeen_platform/tests/unit/test_storage_phase3.py'.
Hint: make sure your test modules/packages have valid Python names.
Traceback:
/usr/lib/python3.12/importlib/__init__.py:90: in import_module
    return _bootstrap._gcd_import(name[level:], package, level)
           ^^^^^^^^^^^^^^^^^^^^^^^^^^^^^^^^^^^^^^^^^^^^^^^^^^^^
backend_Ai_review/hajeen_platform/tests/unit/test_storage_phase3.py:6: in <module>
    from hajeen_ai_platform.data_engine.storage.raw_store.local_storage import LocalRawStorage
E   ModuleNotFoundError: No module named 'hajeen_ai_platform'
___________ ERROR collecting tests/unit/test_storage_phase3_part2.py ___________
ImportError while importing test module '/home/ubuntu/backend_Ai_review/hajeen_platform/tests/unit/test_storage_phase3_part2.py'.
Hint: make sure your test modules/packages have valid Python names.
Traceback:
/usr/lib/python3.12/importlib/__init__.py:90: in import_module
    return _bootstrap._gcd_import(name[level:], package, level)
           ^^^^^^^^^^^^^^^^^^^^^^^^^^^^^^^^^^^^^^^^^^^^^^^^^^^^
backend_Ai_review/hajeen_platform/tests/unit/test_storage_phase3_part2.py:7: in <module>
    from hajeen_ai_platform.data_engine.storage.processed_store.bronze_layer import BronzeLayer, BronzeSchema
E   ModuleNotFoundError: No module named 'hajeen_ai_platform'
=========================== short test summary info ============================
ERROR backend_Ai_review/hajeen_platform/tests/unit/test_base_connector.py
ERROR backend_Ai_review/hajeen_platform/tests/unit/test_cli.py
ERROR backend_Ai_review/hajeen_platform/tests/unit/test_custom_connector.py
ERROR backend_Ai_review/hajeen_platform/tests/unit/test_github_connector.py
ERROR backend_Ai_review/hajeen_platform/tests/unit/test_ingestion_http.py
ERROR backend_Ai_review/hajeen_platform/tests/unit/test_memory_unification_runtime.py
ERROR backend_Ai_review/hajeen_platform/tests/unit/test_newsapi_connector.py
ERROR backend_Ai_review/hajeen_platform/tests/unit/test_reddit_connector.py
ERROR backend_Ai_review/hajeen_platform/tests/unit/test_requests_fetcher.py
ERROR backend_Ai_review/hajeen_platform/tests/unit/test_rss_parser.py - FileN...
ERROR backend_Ai_review/hajeen_platform/tests/unit/test_sitemap_parser.py - F...
ERROR backend_Ai_review/hajeen_platform/tests/unit/test_storage_phase3.py
ERROR backend_Ai_review/hajeen_platform/tests/unit/test_storage_phase3_part2.py
!!!!!!!!!!!!!!!!!!! Interrupted: 13 errors during collection !!!!!!!!!!!!!!!!!!!
============================== 13 errors in 5.84s ==============================
Mon Aug 17 18:23:58 UTC 2026
               total        used        free      shared  buff/cache   available
Mem:           3.8Gi       897Mi       2.3Gi        11Mi       1.1Gi       3.0Gi
Swap:          2.0Gi          0B       2.0Gi
DURATION_SECONDS=8
RESULT=FAIL exit=2
exit
