LEVEL=8
Mon Aug 17 18:34:59 UTC 2026
               total        used        free      shared  buff/cache   available
Mem:           3.8Gi       869Mi       2.3Gi        11Mi       1.1Gi       3.0Gi
Swap:          2.0Gi          0B       2.0Gi
============================= test session starts ==============================
platform linux -- Python 3.12.3, pytest-8.4.2, pluggy-1.6.0
rootdir: /home/ubuntu/backend_Ai_review/hajeen_platform
configfile: pyproject.toml
plugins: anyio-4.14.2, asyncio-0.26.0
asyncio: mode=Mode.AUTO, asyncio_default_fixture_loop_scope=function, asyncio_default_test_loop_scope=function
collected 36 items / 5 errors

==================================== ERRORS ====================================
_________________ ERROR collecting tests/ai/test_alignment.py __________________
ImportError while importing test module '/home/ubuntu/backend_Ai_review/hajeen_platform/tests/ai/test_alignment.py'.
Hint: make sure your test modules/packages have valid Python names.
Traceback:
/usr/lib/python3.12/importlib/__init__.py:90: in import_module
    return _bootstrap._gcd_import(name[level:], package, level)
           ^^^^^^^^^^^^^^^^^^^^^^^^^^^^^^^^^^^^^^^^^^^^^^^^^^^^
backend_Ai_review/hajeen_platform/tests/ai/test_alignment.py:5: in <module>
    from hajeen_platform.core.alignment.reward_model import RewardModelPipeline
backend_Ai_review/hajeen_platform/core/alignment/reward_model.py:5: in <module>
    import torch
E   ModuleNotFoundError: No module named 'torch'
____ ERROR collecting tests/self_evolution/test_continuous_learning_loop.py ____
ImportError while importing test module '/home/ubuntu/backend_Ai_review/hajeen_platform/tests/self_evolution/test_continuous_learning_loop.py'.
Hint: make sure your test modules/packages have valid Python names.
Traceback:
/usr/lib/python3.12/importlib/__init__.py:90: in import_module
    return _bootstrap._gcd_import(name[level:], package, level)
           ^^^^^^^^^^^^^^^^^^^^^^^^^^^^^^^^^^^^^^^^^^^^^^^^^^^^
backend_Ai_review/hajeen_platform/tests/self_evolution/test_continuous_learning_loop.py:4: in <module>
    from hajeen_platform.services.self_evolution.continuous_learning_loop import ContinuousLearningLoop
E   ModuleNotFoundError: No module named 'hajeen_platform.services.self_evolution'
________ ERROR collecting tests/self_evolution/test_curiosity_engine.py ________
ImportError while importing test module '/home/ubuntu/backend_Ai_review/hajeen_platform/tests/self_evolution/test_curiosity_engine.py'.
Hint: make sure your test modules/packages have valid Python names.
Traceback:
/usr/lib/python3.12/importlib/__init__.py:90: in import_module
    return _bootstrap._gcd_import(name[level:], package, level)
           ^^^^^^^^^^^^^^^^^^^^^^^^^^^^^^^^^^^^^^^^^^^^^^^^^^^^
backend_Ai_review/hajeen_platform/tests/self_evolution/test_curiosity_engine.py:4: in <module>
    from hajeen_platform.services.self_evolution.curiosity_engine import CuriosityEngine
E   ModuleNotFoundError: No module named 'hajeen_platform.services.self_evolution'
________ ERROR collecting tests/self_evolution/test_episodic_memory.py _________
ImportError while importing test module '/home/ubuntu/backend_Ai_review/hajeen_platform/tests/self_evolution/test_episodic_memory.py'.
Hint: make sure your test modules/packages have valid Python names.
Traceback:
/usr/lib/python3.12/importlib/__init__.py:90: in import_module
    return _bootstrap._gcd_import(name[level:], package, level)
           ^^^^^^^^^^^^^^^^^^^^^^^^^^^^^^^^^^^^^^^^^^^^^^^^^^^^
backend_Ai_review/hajeen_platform/tests/self_evolution/test_episodic_memory.py:5: in <module>
    from hajeen_platform.services.self_evolution.episodic_memory import EpisodicMemory
E   ModuleNotFoundError: No module named 'hajeen_platform.services.self_evolution'
_____ ERROR collecting tests/self_evolution/test_self_reflection_engine.py _____
ImportError while importing test module '/home/ubuntu/backend_Ai_review/hajeen_platform/tests/self_evolution/test_self_reflection_engine.py'.
Hint: make sure your test modules/packages have valid Python names.
Traceback:
/usr/lib/python3.12/importlib/__init__.py:90: in import_module
    return _bootstrap._gcd_import(name[level:], package, level)
           ^^^^^^^^^^^^^^^^^^^^^^^^^^^^^^^^^^^^^^^^^^^^^^^^^^^^
backend_Ai_review/hajeen_platform/tests/self_evolution/test_self_reflection_engine.py:4: in <module>
    from hajeen_platform.services.self_evolution.self_reflection_engine import SelfReflectionEngine, MockLLM
E   ModuleNotFoundError: No module named 'hajeen_platform.services.self_evolution'
=========================== short test summary info ============================
ERROR backend_Ai_review/hajeen_platform/tests/ai/test_alignment.py
ERROR backend_Ai_review/hajeen_platform/tests/self_evolution/test_continuous_learning_loop.py
ERROR backend_Ai_review/hajeen_platform/tests/self_evolution/test_curiosity_engine.py
ERROR backend_Ai_review/hajeen_platform/tests/self_evolution/test_episodic_memory.py
ERROR backend_Ai_review/hajeen_platform/tests/self_evolution/test_self_reflection_engine.py
!!!!!!!!!!!!!!!!!!! Interrupted: 5 errors during collection !!!!!!!!!!!!!!!!!!!!
============================== 5 errors in 0.21s ===============================
Mon Aug 17 18:35:00 UTC 2026
               total        used        free      shared  buff/cache   available
Mem:           3.8Gi       870Mi       2.3Gi        11Mi       1.1Gi       3.0Gi
Swap:          2.0Gi          0B       2.0Gi
DURATION_SECONDS=1
RESULT=ERROR exit=2
